Microchip MPLAB XC8 Compiler V2.31

Linker command line:

-W-3 --edf=/Applications/microchip/xc8/v2.31/pic/dat/en_msgs.txt -cn \
  -h+dist/default/production/lab7_micros.X.production.sym \
  --cmf=dist/default/production/lab7_micros.X.production.cmf -z -Q16F887 \
  -o/tmp/xcFdh2WDR --defsym=__MPLAB_BUILD=1 \
  -Mdist/default/production/lab7_micros.X.production.map -E1 \
  -ver=XC8 Compiler --acfsm=1493 -ASTACK=0110h-016Fh -pstack=STACK \
  -ACODE=00h-07FFhx4 -ASTRCODE=00h-01FFFh -ASTRING=00h-0FFhx32 \
  -ACONST=00h-0FFhx32 -AENTRY=00h-0FFhx32 -ACOMMON=070h-07Fh \
  -ABANK0=020h-06Fh -ABANK1=0A0h-0EFh -ABANK2=0110h-016Fh \
  -ABANK3=0190h-01EFh -ARAM=020h-06Fh,0A0h-0EFh,0110h-016Fh,0190h-01EFh \
  -AABS1=020h-07Fh,0A0h-0EFh,0110h-016Fh,0190h-01EFh -ASFR0=00h-01Fh \
  -ASFR1=080h-09Fh -ASFR2=0100h-010Fh -ASFR3=0180h-018Fh \
  -ACONFIG=02007h-02008h -DCONFIG=2 -AIDLOC=02000h-02003h -DIDLOC=2 \
  -AEEDATA=00h-0FFh/02100h -peeprom_data=EEDATA -DEEDATA=2 -DCODE=2 \
  -DSTRCODE=2 -DSTRING=2 -DCONST=2 -DENTRY=2 \
  -preset_vec=00h,intentry=04h,init,end_init -ppowerup=CODE -pcinit=CODE \
  -pfunctab=ENTRY -k /tmp/xc8fs1J6w.o \
  dist/default/production/lab7_micros.X.production.o 

Object code version is 3.11

Machine type is 16F887



                Name                               Link     Load   Length Selector   Space Scale
/tmp/xc8fs1J6w.o
                end_init                              C        C        3        8       0
                reset_vec                             0        0        3        0       0
                config                             2007     2007        2        0       4
dist/default/production/lab7_micros.X.production.o
                cinit                                 F        F        D        8       0
                intentry                              4        4        8        8       0
                config                             2007     2007        2        0       4
                text7                               1B5      1B5       41        8       0
                text6                                AE       AE       69        8       0
                text5                               232      232       15        8       0
                text4                               117      117       53        8       0
                text3                                1C       1C       92        8       0
                text2                               16A      16A       4B        8       0
                text1                               1F6      1F6       3C        8       0
                maintext                            247      247       13        8       0
                cstackBANK0                          20       20        7       20       1
                cstackCOMMON                         70       70        8       70       1
                bssBANK0                             2C       2C        4       20       1
                bssCOMMON                            78       78        3       70       1
                nvBANK0                              27       27        5       20       1

TOTAL           Name                               Link     Load   Length     Space
        CLASS   STACK          

        CLASS   CODE           
                end_init                              C        C        3         0
                cinit                                 F        F        D         0
                intentry                              4        4        8         0
                reset_vec                             0        0        3         0
                text7                               1B5      1B5       41         0
                text6                                AE       AE       69         0
                text5                               232      232       15         0
                text4                               117      117       53         0
                text3                                1C       1C       92         0
                text2                               16A      16A       4B         0
                text1                               1F6      1F6       3C         0
                maintext                            247      247       13         0

        CLASS   STRCODE        

        CLASS   STRING         

        CLASS   CONST          

        CLASS   ENTRY          

        CLASS   COMMON         
                cstackCOMMON                         70       70        8         1
                bssCOMMON                            78       78        3         1

        CLASS   BANK0          
                cstackBANK0                          20       20        7         1
                bssBANK0                             2C       2C        4         1
                nvBANK0                              27       27        5         1

        CLASS   BANK1          

        CLASS   BANK2          

        CLASS   BANK3          

        CLASS   RAM            

        CLASS   ABS1           
                abs_s1                               7E       7E        2         1

        CLASS   SFR0           

        CLASS   SFR1           

        CLASS   SFR2           

        CLASS   SFR3           

        CLASS   CONFIG         
                config                             2007     2007        2         4

        CLASS   IDLOC          

        CLASS   EEDATA         



SEGMENTS        Name                           Load    Length   Top    Selector   Space  Class     Delta

                reset_vec                      000000  000003  000003         0       0  CODE        2
                cstackBANK0                    000020  000010  000030        20       1  BANK0       1
                intentry                       000004  000256  00025A         8       0  CODE        2
                cstackCOMMON                   000070  00000B  00007B        70       1  COMMON      1


UNUSED ADDRESS RANGES

        Name                Unused          Largest block    Delta
        BANK0            0030-006F             40           1
        BANK1            00A0-00EF             50           1
        BANK2            0110-016F             60           1
        BANK3            0190-01EF             60           1
        CODE             0003-0003              1           2
                         025A-1FFF            800
        COMMON           007B-007D              3           1
        CONST            0003-0003              1           2
                         025A-1FFF            100
        EEDATA           2100-21FF            100           2
        ENTRY            0003-0003              1           2
                         025A-1FFF            100
        IDLOC            2000-2003              4           2
        RAM              0030-006F             40           1
                         00A0-00EF             50
                         0110-016F             60
                         0190-01EF             60
        SFR0             0000-001F             20           1
        SFR1             0080-009F             20           1
        SFR2             0100-010F             10           1
        SFR3             0180-018F             10           1
        STACK            0110-016F             60           1
        STRCODE          0003-0003              1           2
                         025A-1FFF           1DA6
        STRING           0003-0003              1           2
                         025A-1FFF            100

                                  Symbol Table

?___awdiv                cstackCOMMON 0073
Config_7@numero7         cstackCOMMON 0075
Config_7@seg             cstackCOMMON 0076
Config_7@valor           cstackCOMMON 0077
_ANSEL                   (abs)        0188
_ANSELH                  (abs)        0189
_Config_7                text3        001C
_INTCONbits              (abs)        000B
_IOCBbits                (abs)        0096
_ISR                     text7        01B5
_OPTION_REGbits          (abs)        0081
_PORTA                   (abs)        0005
_PORTB                   (abs)        0006
_PORTBbits               (abs)        0006
_PORTC                   (abs)        0007
_PORTD                   (abs)        0008
_PORTE                   (abs)        0009
_TMR0                    (abs)        0001
_TRISA                   (abs)        0085
_TRISB                   (abs)        0086
_TRISC                   (abs)        0087
_TRISD                   (abs)        0088
_TRISE                   (abs)        0089
__Habs1                  abs1         0000
__Hbank0                 bank0        0000
__Hbank1                 bank1        0000
__Hbank2                 bank2        0000
__Hbank3                 bank3        0000
__HbssBANK0              bssBANK0     0000
__HbssCOMMON             bssCOMMON    0000
__Hcinit                 cinit        001C
__Hclrtext               clrtext      0000
__Hcode                  code         0000
__Hcommon                common       0000
__Hconfig                config       2009
__HcstackBANK0           cstackBANK0  0000
__HcstackCOMMON          cstackCOMMON 0000
__Heeprom_data           eeprom_data  0000
__Hend_init              end_init     000F
__Hfunctab               functab      0000
__Hinit                  init         000C
__Hintentry              intentry     000C
__Hmaintext              maintext     0000
__HnvBANK0               nvBANK0      0000
__Hpowerup               powerup      0000
__Hram                   ram          0000
__Hreset_vec             reset_vec    0003
__Hsfr0                  sfr0         0000
__Hsfr1                  sfr1         0000
__Hsfr2                  sfr2         0000
__Hsfr3                  sfr3         0000
__Hspace_0               (abs)        025A
__Hspace_1               (abs)        007B
__Hspace_2               (abs)        0000
__Hspace_3               (abs)        0000
__Hspace_4               (abs)        4010
__Hstack                 stack        0000
__Hstrings               strings      0000
__Htext                  text         0000
__Labs1                  abs1         0000
__Lbank0                 bank0        0000
__Lbank1                 bank1        0000
__Lbank2                 bank2        0000
__Lbank3                 bank3        0000
__LbssBANK0              bssBANK0     0000
__LbssCOMMON             bssCOMMON    0000
__Lcinit                 cinit        000F
__Lclrtext               clrtext      0000
__Lcode                  code         0000
__Lcommon                common       0000
__Lconfig                config       0000
__LcstackBANK0           cstackBANK0  0000
__LcstackCOMMON          cstackCOMMON 0000
__Leeprom_data           eeprom_data  0000
__Lend_init              end_init     000C
__Lfunctab               functab      0000
__Linit                  init         000C
__Lintentry              intentry     0004
__Lmaintext              maintext     0000
__LnvBANK0               nvBANK0      0000
__Lpowerup               powerup      0000
__Lram                   ram          0000
__Lreset_vec             reset_vec    0000
__Lsfr0                  sfr0         0000
__Lsfr1                  sfr1         0000
__Lsfr2                  sfr2         0000
__Lsfr3                  sfr3         0000
__Lspace_0               (abs)        0000
__Lspace_1               (abs)        0000
__Lspace_2               (abs)        0000
__Lspace_3               (abs)        0000
__Lspace_4               (abs)        0000
__Lstack                 stack        0000
__Lstrings               strings      0000
__Ltext                  text         0000
__S0                     (abs)        025A
__S1                     (abs)        007B
__S2                     (abs)        0000
__S3                     (abs)        0000
___awdiv                 text6        00AE
___awdiv@counter         cstackBANK0  0020
___awdiv@dividend        cstackCOMMON 0075
___awdiv@divisor         cstackCOMMON 0073
___awdiv@quotient        cstackBANK0  0022
___awdiv@sign            cstackBANK0  0021
___bmul                  text5        0232
___bmul@multiplicand     cstackCOMMON 0073
___bmul@multiplier       cstackCOMMON 0076
___bmul@product          cstackCOMMON 0075
___int_sp                stack        0000
___latbits               (abs)        0002
___sp                    stack        0000
___stackhi               (abs)        0000
___stacklo               (abs)        0000
__end_of_Config_7        text3        00AE
__end_of_ISR             text7        01F6
__end_of___awdiv         text6        0117
__end_of___bmul          text5        0247
__end_of__initialization cinit        0018
__end_of_decimales       text4        016A
__end_of_display3        text2        01B5
__end_of_main            maintext     025A
__end_of_setup           text1        0232
__initialization         cinit        000F
__pbssBANK0              bssBANK0     002C
__pbssCOMMON             bssCOMMON    0078
__pcstackBANK0           cstackBANK0  0020
__pcstackCOMMON          cstackCOMMON 0070
__pintentry              intentry     0004
__pmaintext              maintext     0247
__pnvBANK0               nvBANK0      0027
__ptext1                 text1        01F6
__ptext2                 text2        016A
__ptext3                 text3        001C
__ptext4                 text4        0117
__ptext5                 text5        0232
__ptext6                 text6        00AE
__ptext7                 text7        01B5
__size_of_Config_7       (abs)        0000
__size_of_ISR            (abs)        0000
__size_of___awdiv        (abs)        0000
__size_of___bmul         (abs)        0000
__size_of_decimales      (abs)        0000
__size_of_display3       (abs)        0000
__size_of_main           (abs)        0000
__size_of_setup          (abs)        0000
_b_dec                   bssCOMMON    0079
_b_inc                   bssCOMMON    007A
_banderaT0               bssBANK0     002C
_centenas                nvBANK0      0029
_decenas                 nvBANK0      0028
_decimales               text4        0117
_display3                text2        016A
_main                    maintext     0247
_numero                  nvBANK0      002A
_segC                    bssBANK0     002D
_segD                    bssBANK0     002E
_segU                    bssCOMMON    0078
_setup                   text1        01F6
_unidades                nvBANK0      0027
_v_tmr0                  nvBANK0      002B
btemp                    (abs)        007E
end_of_initialization    cinit        0018
interrupt_function       intentry     0004
intlevel0                functab      0000
intlevel1                functab      0000
intlevel2                functab      0000
intlevel3                functab      0000
intlevel4                functab      0000
intlevel5                functab      0000
reset_vec                reset_vec    0000
saved_w                  (abs)        007E
start                    init         000C
start_initialization     cinit        000F
wtemp0                   (abs)        007E


FUNCTION INFORMATION:

 *************** function _main *****************
 Defined at:
		line 104 in file "main.c"
 Parameters:    Size  Location     Type
		None
 Auto vars:     Size  Location     Type
		None
 Return value:  Size  Location     Type
                  1    wreg      void 
 Registers used:
		wreg, fsr0l, fsr0h, status,2, status,0, pclath, cstack
 Tracked objects:
		On entry : 
		On exit  : 
		Unchanged: 
 Data sizes:     COMMON   BANK0   BANK1   BANK3   BANK2
      Params:         0       0       0       0       0
      Locals:         0       0       0       0       0
      Temps:          0       0       0       0       0
      Totals:         0       0       0       0       0
Total ram usage:        0 bytes
 Hardware stack levels required when called:    3
 This function calls:
		_decimales
		_display3
		_setup
 This function is called by:
		Startup code after reset
 This function uses a non-reentrant model


 *************** function _setup *****************
 Defined at:
		line 127 in file "main.c"
 Parameters:    Size  Location     Type
		None
 Auto vars:     Size  Location     Type
		None
 Return value:  Size  Location     Type
                  1    wreg      void 
 Registers used:
		wreg, status,2
 Tracked objects:
		On entry : 
		On exit  : 
		Unchanged: 
 Data sizes:     COMMON   BANK0   BANK1   BANK3   BANK2
      Params:         0       0       0       0       0
      Locals:         0       0       0       0       0
      Temps:          1       0       0       0       0
      Totals:         1       0       0       0       0
Total ram usage:        1 bytes
 Hardware stack levels used:    1
 Hardware stack levels required when called:    1
 This function calls:
		Nothing
 This function is called by:
		_main
 This function uses a non-reentrant model


 *************** function _display3 *****************
 Defined at:
		line 250 in file "main.c"
 Parameters:    Size  Location     Type
		None
 Auto vars:     Size  Location     Type
		None
 Return value:  Size  Location     Type
                  1    wreg      void 
 Registers used:
		wreg, fsr0l, fsr0h, status,2, status,0, pclath, cstack
 Tracked objects:
		On entry : 
		On exit  : 
		Unchanged: 
 Data sizes:     COMMON   BANK0   BANK1   BANK3   BANK2
      Params:         0       0       0       0       0
      Locals:         0       0       0       0       0
      Temps:          0       2       0       0       0
      Totals:         0       2       0       0       0
Total ram usage:        2 bytes
 Hardware stack levels used:    1
 Hardware stack levels required when called:    2
 This function calls:
		_Config_7
 This function is called by:
		_main
 This function uses a non-reentrant model


 *************** function _Config_7 *****************
 Defined at:
		line 187 in file "main.c"
 Parameters:    Size  Location     Type
  numero7         1    wreg     unsigned char 
 Auto vars:     Size  Location     Type
  numero7         1    5[COMMON] unsigned char 
  valor           1    7[COMMON] unsigned char 
  seg             1    6[COMMON] unsigned char 
 Return value:  Size  Location     Type
                  1    wreg      unsigned char 
 Registers used:
		wreg, fsr0l, fsr0h, status,2, status,0
 Tracked objects:
		On entry : 
		On exit  : 
		Unchanged: 
 Data sizes:     COMMON   BANK0   BANK1   BANK3   BANK2
      Params:         0       0       0       0       0
      Locals:         3       0       0       0       0
      Temps:          2       0       0       0       0
      Totals:         5       0       0       0       0
Total ram usage:        5 bytes
 Hardware stack levels used:    1
 Hardware stack levels required when called:    1
 This function calls:
		Nothing
 This function is called by:
		_display3
 This function uses a non-reentrant model


 *************** function _decimales *****************
 Defined at:
		line 173 in file "main.c"
 Parameters:    Size  Location     Type
		None
 Auto vars:     Size  Location     Type
		None
 Return value:  Size  Location     Type
                  1    wreg      void 
 Registers used:
		wreg, status,2, status,0, pclath, cstack
 Tracked objects:
		On entry : 
		On exit  : 
		Unchanged: 
 Data sizes:     COMMON   BANK0   BANK1   BANK3   BANK2
      Params:         0       0       0       0       0
      Locals:         0       0       0       0       0
      Temps:          0       3       0       0       0
      Totals:         0       3       0       0       0
Total ram usage:        3 bytes
 Hardware stack levels used:    1
 Hardware stack levels required when called:    2
 This function calls:
		___awdiv
		___bmul
 This function is called by:
		_main
 This function uses a non-reentrant model


 *************** function ___bmul *****************
 Defined at:
		line 4 in file "/Applications/microchip/xc8/v2.31/pic/sources/c90/common/Umul8.c"
 Parameters:    Size  Location     Type
  multiplier      1    wreg     unsigned char 
  multiplicand    1    3[COMMON] unsigned char 
 Auto vars:     Size  Location     Type
  multiplier      1    6[COMMON] unsigned char 
  product         1    5[COMMON] unsigned char 
 Return value:  Size  Location     Type
                  1    wreg      unsigned char 
 Registers used:
		wreg, status,2, status,0
 Tracked objects:
		On entry : 
		On exit  : 
		Unchanged: 
 Data sizes:     COMMON   BANK0   BANK1   BANK3   BANK2
      Params:         1       0       0       0       0
      Locals:         2       0       0       0       0
      Temps:          1       0       0       0       0
      Totals:         4       0       0       0       0
Total ram usage:        4 bytes
 Hardware stack levels used:    1
 Hardware stack levels required when called:    1
 This function calls:
		Nothing
 This function is called by:
		_decimales
 This function uses a non-reentrant model


 *************** function ___awdiv *****************
 Defined at:
		line 5 in file "/Applications/microchip/xc8/v2.31/pic/sources/c90/common/awdiv.c"
 Parameters:    Size  Location     Type
  divisor         2    3[COMMON] int 
  dividend        2    5[COMMON] int 
 Auto vars:     Size  Location     Type
  quotient        2    2[BANK0 ] int 
  sign            1    1[BANK0 ] unsigned char 
  counter         1    0[BANK0 ] unsigned char 
 Return value:  Size  Location     Type
                  2    3[COMMON] int 
 Registers used:
		wreg, status,2, status,0
 Tracked objects:
		On entry : 
		On exit  : 
		Unchanged: 
 Data sizes:     COMMON   BANK0   BANK1   BANK3   BANK2
      Params:         4       0       0       0       0
      Locals:         0       4       0       0       0
      Temps:          1       0       0       0       0
      Totals:         5       4       0       0       0
Total ram usage:        9 bytes
 Hardware stack levels used:    1
 Hardware stack levels required when called:    1
 This function calls:
		Nothing
 This function is called by:
		_decimales
 This function uses a non-reentrant model


 *************** function _ISR *****************
 Defined at:
		line 68 in file "main.c"
 Parameters:    Size  Location     Type
		None
 Auto vars:     Size  Location     Type
		None
 Return value:  Size  Location     Type
                  1    wreg      void 
 Registers used:
		wreg, status,2, status,0
 Tracked objects:
		On entry : 
		On exit  : 
		Unchanged: 
 Data sizes:     COMMON   BANK0   BANK1   BANK3   BANK2
      Params:         0       0       0       0       0
      Locals:         0       0       0       0       0
      Temps:          3       0       0       0       0
      Totals:         3       0       0       0       0
Total ram usage:        3 bytes
 Hardware stack levels used:    1
 This function calls:
		Nothing
 This function is called by:
		Interrupt level 1
 This function uses a non-reentrant model



MODULE INFORMATION

Module		Function		Class		Link	Load	Size
/Applications/microchip/xc8/v2.31/pic/sources/c90/common/awdiv.c
		___awdiv       		CODE           	00AE	0000	105

/Applications/microchip/xc8/v2.31/pic/sources/c90/common/awdiv.c estimated size: 105

/Applications/microchip/xc8/v2.31/pic/sources/c90/common/Umul8.c
		___bmul        		CODE           	0232	0000	21

/Applications/microchip/xc8/v2.31/pic/sources/c90/common/Umul8.c estimated size: 21

shared
		__initialization		CODE           	000F	0000	9

shared estimated size: 9

main.c
		_decimales     		CODE           	0117	0000	83
		_ISR           		CODE           	01B5	0000	65
		_display3      		CODE           	016A	0000	75
		_main          		CODE           	0247	0000	19
		_Config_7      		CODE           	001C	0000	146
		_setup         		CODE           	01F6	0000	60

main.c estimated size: 448

